id                  int(3)              NO   PRI                 
FirstName           varchar(20)         NO                       
LastName            varchar(255)        NO                       
age                 int(11)             NO                       
size                decimal(5,2)        NO        3.40           
alive               tinyint(1)          NO                       
birthdate           date                NO                       
registered          datetime            NO                       
