CeBIT in Hanover, Germany                                   718125fcf00f34a119f5295510ea665a   Wed, 05 Mar 2008 15:06:41 -0600         http://feeds.feedburner.com/~r/Talend/~3/246353081/                   
Momentum and recognition are growing                        36d0012f264e3a69c2608ced10df91ab   Tue, 26 Feb 2008 16:02:23 -0600         http://feeds.feedburner.com/~r/Talend/~3/241733622/                   
Technological Excellence prize awarded to Talend            a9ab13dcee8c6be9fe3dd0f52d527fe6   Fri, 22 Feb 2008 09:47:07 -0600         http://feeds.feedburner.com/~r/Talend/~3/239465068/                   
