lastname       firstname      age       
Antoine        Andrew         33/171    
Billerey       Bruce          25/173    
Billerey       Hugh           26/175    
Carbone        Andrew         34/172    
Carbone        Mark           32/172    
Helleboid      John           32/180    
LeGall         Hugh           35/180    
Maumont        Bruce          31/179    
Vaesken        Mike           27/180    
Vaesken        Mike           29/178    
