CeBIT in Hanover, Germany                                   718125fcf00f34a119f5295510ea665a   Wed, 05 Mar 2008 15:06:41 -0600         http://feeds.feedburner.com/~r/Talend/~3/246353081/                   
Momentum and recognition are growing                        36d0012f264e3a69c2608ced10df91ab   Tue, 26 Feb 2008 16:02:23 -0600         http://feeds.feedburner.com/~r/Talend/~3/241733622/                   
Technological Excellence prize awarded to Talend            a9ab13dcee8c6be9fe3dd0f52d527fe6   Fri, 22 Feb 2008 09:47:07 -0600         http://feeds.feedburner.com/~r/Talend/~3/239465068/                   
Robosapien Winner at SCALE                                  a360fae8672e918bfffe5af649022ed8   Fri, 15 Feb 2008 09:53:53 -0600         http://feeds.feedburner.com/~r/Talend/~3/235614561/                   
Good grades for France in Open Source                       f46209bcdf3d5bf2489669d71f5ebd02   Fri, 15 Feb 2008 08:14:53 -0600         http://feeds.feedburner.com/~r/Talend/~3/235572075/                   
It’s about time to simplify the whole license game          0e5b80c511c3176de5588c78e92705ff   Tue, 12 Feb 2008 16:44:09 -0600         http://feeds.feedburner.com/~r/Talend/~3/234004195/                   
Download the latest release, Talend Open Studio v2.3        7dbb4fcc2cd654473df0b01818054ae1   Sun, 10 Feb 2008 12:32:05 -0600         http://feeds.feedburner.com/~r/Talend/~3/232725382/                   
From SugarCon in San Jose                                   55c1c0a7158a6b01377515fbbcb41f13   Fri, 08 Feb 2008 08:42:10 -0600         http://feeds.feedburner.com/~r/Talend/~3/231642372/                   
Bertrand on TV, video podcasts from Solutions Linux         0114b0dce57f2579ea2cc1c2c2149ed5   Fri, 08 Feb 2008 08:17:52 -0600         http://feeds.feedburner.com/~r/Talend/~3/231629582/                   
Solutions Linux Robot Winner                                9f6582baf1cb4d28d6d72fdb61d53bdc   Thu, 07 Feb 2008 08:11:04 -0600         http://feeds.feedburner.com/~r/Talend/~3/231003890/                   
