  1Andrew              Antoine                33 171.3      0  2003-05-01
  2Hugh                Billerey               26 175.4      1  1968-09-06
  3Hugh                LeGall                 35 180.5      1  2005-07-24
  4Mike                Vaesken                27 180.6      0  2007-02-21
  5Mike                Vaesken                29 178.7      1  1998-04-09
  6John                Helleboid              32 180.8      0  2001-09-11
