<?xml version="1.0" encoding="ISO-8859-15"?>
<tagLevel1><tagLevel2>
<line>
  <id>1</id>
  <FirstName>Andrew</FirstName>
  <LastName>Antoine</LastName>
  <age>33</age>
  <size>171.3</size>
  <alive>1</alive>
  <birthdate>1903-05-01</birthdate>
  <registered>2007-09-19 15:43:12</registered>
</line>

<line>
  <id>2</id>
  <FirstName>Hugh</FirstName>
  <LastName>Billerey</LastName>
  <age>26</age>
  <size>175.4</size>
  <alive>0</alive>
  <birthdate>1967-09-06</birthdate>
  <registered>2007-09-19 15:43:13</registered>
</line>

<line>
  <id>3</id>
  <FirstName>Hugh</FirstName>
  <LastName>LeGall</LastName>
  <age>35</age>
  <size>180.5</size>
  <alive>1</alive>
  <birthdate>2005-07-24</birthdate>
  <registered>2007-09-19 15:43:14</registered>
</line>

<line>
  <id>4</id>
  <FirstName>Mike</FirstName>
  <LastName>Vaesken</LastName>
  <age>27</age>
  <size>180.6</size>
  <alive>0</alive>
  <birthdate>2007-02-21</birthdate>
  <registered>2007-09-19 15:43:15</registered>
</line>

<line>
  <id>5</id>
  <FirstName>Mike</FirstName>
  <LastName>Vaesken</LastName>
  <age>29</age>
  <size>178.7</size>
  <alive>1</alive>
  <birthdate>1998-04-09</birthdate>
  <registered>2007-09-19 15:43:16</registered>
</line>

<line>
  <id>6</id>
  <FirstName>John</FirstName>
  <LastName>Helleboid</LastName>
  <age>32</age>
  <size>180.8</size>
  <alive>0</alive>
  <birthdate>2001-09-11</birthdate>
  <registered>2007-09-19 15:43:17</registered>
</line>

</tagLevel2></tagLevel1>
